p01 p50 hit=1 error=0 claims=3 anchored=1.000 judge=8/8+3/3:stands judged=1.000 18s
p02 p50 hit=1 error=0 claims=7 anchored=1.000 judge=8/8+3/3:stands judged=0.714 25s
p03 p50 hit=1 error=0 claims=4 anchored=0.750 judge=8/8+3/3:stands judged=1.000 12s
p04 p50 hit=1 error=0 claims=4 anchored=1.000 judge=8/8+3/3:stands judged=1.000 18s
p05 p50 hit=0 error=0 claims=9 anchored=1.000 judge=8/8+3/3:stands judged=0.250 19s
p06 p50 hit=1 error=0 claims=5 anchored=1.000 judge=8/8+3/3:stands judged=0.250 18s
p07 p50 hit=1 error=0 claims=19 anchored=0.667 judge=7/8+3/3:void judged=- 24s
p08 p50 hit=1 error=0 claims=7 anchored=0.500 judge=8/8+3/3:stands judged=0.714 18s
p09 p50 hit=1 error=0 claims=3 anchored=1.000 judge=7/8+3/3:void judged=- 10s
p10 p50 hit=0 error=0 claims=4 anchored=- judge=8/8+3/3:stands judged=0.250 12s
p11 p50 hit=1 error=0 claims=3 anchored=0.000 judge=- judged=- 8s
p12 p50 hit=1 error=0 claims=5 anchored=1.000 judge=- judged=- 9s
p13 p50 hit=1 error=0 claims=5 anchored=1.000 judge=- judged=- 11s
p14 p50 hit=1 error=0 claims=4 anchored=0.667 judge=- judged=- 13s
p15 p50 hit=1 error=0 claims=4 anchored=1.000 judge=- judged=- 11s
p16 p50 hit=0 error=0 claims=5 anchored=0.667 judge=- judged=- 15s
p17 p50 hit=0 error=0 claims=5 anchored=1.000 judge=- judged=- 10s
p18 p50 hit=1 error=0 claims=9 anchored=0.500 judge=- judged=- 16s
p19 p50 hit=1 error=0 claims=4 anchored=0.750 judge=- judged=- 7s
p20 p50 hit=1 error=0 claims=4 anchored=1.000 judge=- judged=- 7s
p21 p50 hit=0 error=0 claims=6 anchored=1.000 judge=- judged=- 15s
p22 p50 hit=0 error=0 claims=4 anchored=1.000 judge=- judged=- 10s
p23 p50 hit=1 error=0 claims=4 anchored=0.000 judge=- judged=- 10s
p24 p50 hit=1 error=0 claims=3 anchored=1.000 judge=- judged=- 9s
p25 p50 hit=1 error=0 claims=5 anchored=1.000 judge=- judged=- 12s
p26 p50 hit=1 error=0 claims=4 anchored=0.667 judge=- judged=- 9s
p27 p50 hit=1 error=0 claims=4 anchored=0.667 judge=- judged=- 9s
p28 p50 hit=1 error=0 claims=3 anchored=1.000 judge=- judged=- 4s
p29 p50 hit=0 error=0 claims=3 anchored=1.000 judge=- judged=- 9s
p30 p50 hit=1 error=0 claims=13 anchored=0.800 judge=- judged=- 27s
p31 p50 hit=1 error=0 claims=5 anchored=1.000 judge=- judged=- 10s
p32 p50 hit=0 error=0 claims=17 anchored=0.125 judge=- judged=- 24s
p33 p50 hit=0 error=0 claims=3 anchored=1.000 judge=- judged=- 5s
p34 p50 hit=0 error=0 claims=3 anchored=1.000 judge=- judged=- 8s
p35 p50 hit=1 error=0 claims=4 anchored=1.000 judge=- judged=- 6s
p36 p50 hit=1 error=0 claims=8 anchored=0.750 judge=- judged=- 18s
p37 p50 hit=1 error=0 claims=4 anchored=1.000 judge=- judged=- 6s
p38 p50 hit=0 error=0 claims=20 anchored=0.308 judge=- judged=- 27s
p39 p50 hit=1 error=0 claims=4 anchored=1.000 judge=- judged=- 10s
p40 p50 hit=1 error=0 claims=7 anchored=0.667 judge=- judged=- 14s
p41 p50 hit=1 error=0 claims=6 anchored=0.000 judge=- judged=- 11s
p42 p50 hit=1 error=0 claims=3 anchored=1.000 judge=- judged=- 7s
p43 p50 hit=1 error=0 claims=2 anchored=1.000 judge=- judged=- 6s
p44 p50 hit=1 error=0 claims=8 anchored=1.000 judge=- judged=- 16s
p45 p50 hit=0 error=0 claims=4 anchored=1.000 judge=- judged=- 6s
p46 p50 hit=0 error=0 claims=3 anchored=1.000 judge=- judged=- 5s
p47 p50 hit=1 error=0 claims=9 anchored=1.000 judge=- judged=- 16s
p48 p50 hit=1 error=0 claims=6 anchored=1.000 judge=- judged=- 10s
p49 p50 hit=0 error=0 claims=17 anchored=0.182 judge=- judged=- 25s
p50 p50 hit=1 error=0 claims=6 anchored=1.000 judge=- judged=- 14s
z01 z33 hit=0 error=0 claims=7 anchored=1.000 judge=8/8+3/3:stands judged=0.429 21s
z02 z33 hit=0 error=0 claims=4 anchored=1.000 judge=8/8+3/3:stands judged=0.500 15s
z03 z33 hit=1 error=0 claims=6 anchored=1.000 judge=8/8+3/3:stands judged=0.333 18s
z04 z33 hit=1 error=0 claims=8 anchored=1.000 judge=8/8+3/3:stands judged=1.000 17s
z05 z33 hit=1 error=0 claims=5 anchored=1.000 judge=6/8+3/3:void judged=- 13s
z06 z33 hit=1 error=0 claims=6 anchored=1.000 judge=8/8+3/3:stands judged=0.833 15s
z07 z33 hit=1 error=0 claims=2 anchored=1.000 judge=8/8+3/3:stands judged=1.000 12s
z08 z33 hit=0 error=0 claims=4 anchored=1.000 judge=8/8+3/3:stands judged=0.250 16s
z09 z33 hit=1 error=0 claims=2 anchored=1.000 judge=8/8+3/3:stands judged=0.500 15s
z10 z33 hit=1 error=0 claims=5 anchored=1.000 judge=8/8+3/3:stands judged=1.000 22s
z11 z33 hit=1 error=0 claims=8 anchored=0.667 judge=- judged=- 16s
z12 z33 hit=1 error=0 claims=5 anchored=1.000 judge=- judged=- 13s
z13 z33 hit=1 error=0 claims=9 anchored=0.556 judge=- judged=- 16s
z14 z33 hit=1 error=0 claims=5 anchored=0.750 judge=- judged=- 8s
z15 z33 hit=1 error=0 claims=5 anchored=0.250 judge=- judged=- 12s
z16 z33 hit=0 error=0 claims=4 anchored=1.000 judge=- judged=- 10s
z17 z33 hit=1 error=0 claims=6 anchored=1.000 judge=- judged=- 15s
z18 z33 hit=0 error=0 claims=8 anchored=1.000 judge=- judged=- 15s
z19 z33 hit=1 error=0 claims=10 anchored=1.000 judge=- judged=- 12s
z20 z33 hit=1 error=0 claims=5 anchored=1.000 judge=- judged=- 2s
z21 z33 hit=0 error=0 claims=7 anchored=0.800 judge=- judged=- 3s
z22 z33 hit=1 error=0 claims=4 anchored=- judge=- judged=- 2s
z23 z33 hit=0 error=0 claims=4 anchored=1.000 judge=- judged=- 3s
z24 z33 hit=0 error=0 claims=22 anchored=0.375 judge=- judged=- 6s
z25 z33 hit=0 error=0 claims=3 anchored=1.000 judge=- judged=- 2s
z26 z33 hit=0 error=0 claims=3 anchored=- judge=- judged=- 2s
z27 z33 hit=0 error=0 claims=3 anchored=1.000 judge=- judged=- 2s
z28 z33 hit=0 error=0 claims=6 anchored=1.000 judge=- judged=- 3s
z29 z33 hit=1 error=0 claims=10 anchored=0.833 judge=- judged=- 4s
z30 z33 hit=1 error=0 claims=3 anchored=0.667 judge=- judged=- 2s
z31 z33 hit=0 error=0 claims=3 anchored=1.000 judge=- judged=- 1s
z32 z33 hit=1 error=0 claims=3 anchored=1.000 judge=- judged=- 3s
z33 z33 hit=0 error=0 claims=18 anchored=0.273 judge=- judged=- 7s
