p01 p50 hit=1 error=0 claims=3 anchored=1.000 judge=8/8+3/3:stands judged=1.000 17s
p02 p50 hit=1 error=0 claims=10 anchored=0.889 judge=8/8+3/3:stands judged=0.900 29s
p03 p50 hit=1 error=0 claims=4 anchored=0.750 judge=8/8+3/3:stands judged=0.750 12s
p04 p50 hit=1 error=0 claims=5 anchored=1.000 judge=8/8+3/3:stands judged=1.000 17s
p05 p50 hit=0 error=0 claims=4 anchored=1.000 judge=8/8+3/3:stands judged=0.250 9s
p06 p50 hit=1 error=0 claims=3 anchored=1.000 judge=8/8+3/3:stands judged=0.667 8s
p07 p50 hit=1 error=0 claims=10 anchored=1.000 judge=7/8+3/3:void judged=- 19s
p08 p50 hit=1 error=0 claims=4 anchored=1.000 judge=8/8+3/3:stands judged=0.750 9s
p09 p50 hit=1 error=0 claims=4 anchored=1.000 judge=7/8+3/3:void judged=- 9s
p10 p50 hit=0 error=0 claims=3 anchored=1.000 judge=8/8+3/3:stands judged=0.500 7s
p11 p50 hit=1 error=0 claims=5 anchored=1.000 judge=- judged=- 6s
p12 p50 hit=1 error=0 claims=4 anchored=1.000 judge=- judged=- 5s
p13 p50 hit=1 error=0 claims=4 anchored=1.000 judge=- judged=- 9s
p14 p50 hit=1 error=0 claims=5 anchored=1.000 judge=- judged=- 7s
p15 p50 hit=1 error=0 claims=5 anchored=1.000 judge=- judged=- 9s
p16 p50 hit=0 error=0 claims=3 anchored=1.000 judge=- judged=- 9s
p17 p50 hit=0 error=0 claims=4 anchored=0.667 judge=- judged=- 8s
p18 p50 hit=1 error=0 claims=4 anchored=1.000 judge=- judged=- 7s
p19 p50 hit=1 error=0 claims=3 anchored=0.667 judge=- judged=- 7s
p20 p50 hit=1 error=0 claims=3 anchored=1.000 judge=- judged=- 5s
p21 p50 hit=0 error=0 claims=9 anchored=1.000 judge=- judged=- 21s
p22 p50 hit=0 error=0 claims=7 anchored=0.286 judge=- judged=- 22s
p23 p50 hit=1 error=0 claims=10 anchored=0.714 judge=- judged=- 18s
p24 p50 hit=1 error=0 claims=6 anchored=1.000 judge=- judged=- 10s
p25 p50 hit=1 error=0 claims=9 anchored=1.000 judge=- judged=- 9s
p26 p50 hit=1 error=0 claims=10 anchored=1.000 judge=- judged=- 21s
p27 p50 hit=1 error=0 claims=3 anchored=0.000 judge=- judged=- 5s
p28 p50 hit=1 error=0 claims=3 anchored=1.000 judge=- judged=- 6s
p29 p50 hit=0 error=0 claims=2 anchored=1.000 judge=- judged=- 5s
p30 p50 hit=1 error=0 claims=15 anchored=0.700 judge=- judged=- 29s
p31 p50 hit=1 error=0 claims=5 anchored=0.667 judge=- judged=- 8s
p32 p50 hit=0 error=0 claims=4 anchored=0.500 judge=- judged=- 8s
p33 p50 hit=0 error=0 claims=3 anchored=1.000 judge=- judged=- 6s
p34 p50 hit=0 error=0 claims=5 anchored=1.000 judge=- judged=- 11s
p35 p50 hit=1 error=0 claims=6 anchored=1.000 judge=- judged=- 6s
p36 p50 hit=1 error=0 claims=9 anchored=0.875 judge=- judged=- 20s
p37 p50 hit=1 error=0 claims=3 anchored=1.000 judge=- judged=- 6s
p38 p50 hit=0 error=0 claims=3 anchored=0.000 judge=- judged=- 7s
p39 p50 hit=1 error=0 claims=3 anchored=1.000 judge=- judged=- 6s
p40 p50 hit=1 error=0 claims=3 anchored=1.000 judge=- judged=- 8s
p41 p50 hit=1 error=0 claims=5 anchored=0.000 judge=- judged=- 11s
p42 p50 hit=1 error=0 claims=6 anchored=0.833 judge=- judged=- 6s
p43 p50 hit=1 error=0 claims=3 anchored=1.000 judge=- judged=- 9s
p44 p50 hit=1 error=0 claims=8 anchored=1.000 judge=- judged=- 18s
p45 p50 hit=0 error=0 claims=4 anchored=1.000 judge=- judged=- 10s
p46 p50 hit=0 error=0 claims=3 anchored=1.000 judge=- judged=- 9s
p47 p50 hit=1 error=0 claims=5 anchored=1.000 judge=- judged=- 13s
p48 p50 hit=1 error=0 claims=4 anchored=0.667 judge=- judged=- 10s
p49 p50 hit=0 error=0 claims=15 anchored=0.500 judge=- judged=- 22s
p50 p50 hit=1 error=0 claims=7 anchored=1.000 judge=- judged=- 9s
z01 z33 hit=0 error=0 claims=4 anchored=0.667 judge=8/8+3/3:stands judged=0.333 14s
z02 z33 hit=0 error=0 claims=6 anchored=1.000 judge=7/8+3/3:void judged=- 16s
z03 z33 hit=1 error=0 claims=5 anchored=1.000 judge=8/8+3/3:stands judged=0.400 12s
z04 z33 hit=1 error=0 claims=5 anchored=1.000 judge=8/8+3/3:stands judged=0.800 11s
z05 z33 hit=1 error=0 claims=14 anchored=0.500 judge=6/8+3/3:void judged=- 18s
z06 z33 hit=1 error=0 claims=7 anchored=0.833 judge=8/8+3/3:stands judged=0.714 14s
z07 z33 hit=1 error=0 claims=3 anchored=1.000 judge=8/8+3/3:stands judged=0.333 15s
z08 z33 hit=0 error=0 claims=4 anchored=1.000 judge=8/8+3/3:stands judged=0.500 13s
z09 z33 hit=1 error=0 claims=7 anchored=1.000 judge=8/8+3/3:stands judged=0.714 15s
z10 z33 hit=1 error=0 claims=4 anchored=1.000 judge=8/8+3/3:stands judged=1.000 10s
z11 z33 hit=1 error=0 claims=4 anchored=1.000 judge=- judged=- 8s
z12 z33 hit=1 error=0 claims=4 anchored=1.000 judge=- judged=- 9s
z13 z33 hit=1 error=0 claims=5 anchored=1.000 judge=- judged=- 9s
z14 z33 hit=1 error=0 claims=4 anchored=0.667 judge=- judged=- 11s
z15 z33 hit=1 error=0 claims=5 anchored=0.500 judge=- judged=- 7s
z16 z33 hit=0 error=0 claims=3 anchored=1.000 judge=- judged=- 8s
z17 z33 hit=1 error=0 claims=5 anchored=1.000 judge=- judged=- 10s
z18 z33 hit=0 error=0 claims=10 anchored=0.857 judge=- judged=- 15s
z19 z33 hit=1 error=0 claims=7 anchored=1.000 judge=- judged=- 6s
z20 z33 hit=1 error=0 claims=8 anchored=1.000 judge=- judged=- 8s
z21 z33 hit=0 error=0 claims=10 anchored=0.800 judge=- judged=- 21s
z22 z33 hit=1 error=0 claims=3 anchored=1.000 judge=- judged=- 5s
z23 z33 hit=0 error=0 claims=5 anchored=1.000 judge=- judged=- 9s
z24 z33 hit=0 error=0 claims=5 anchored=0.000 judge=- judged=- 6s
z25 z33 hit=0 error=0 claims=3 anchored=1.000 judge=- judged=- 5s
z26 z33 hit=0 error=0 claims=2 anchored=1.000 judge=- judged=- 11s
z27 z33 hit=0 error=0 claims=3 anchored=0.667 judge=- judged=- 5s
z28 z33 hit=0 error=0 claims=2 anchored=0.000 judge=- judged=- 5s
z29 z33 hit=1 error=0 claims=7 anchored=0.429 judge=- judged=- 15s
z30 z33 hit=1 error=0 claims=5 anchored=1.000 judge=- judged=- 6s
z31 z33 hit=0 error=0 claims=4 anchored=1.000 judge=- judged=- 5s
z32 z33 hit=1 error=0 claims=3 anchored=0.500 judge=- judged=- 12s
z33 z33 hit=0 error=0 claims=16 anchored=0.500 judge=- judged=- 22s
